Component: ARM Compiler 5.06 update 5 (build 528) Tool: armlink [4d35e2]

==============================================================================

Section Cross References

    main.o(.text) refers to asm_main.o(asm_area) for asm_main
    startup_mkl25z4.o(RESET) refers to startup_mkl25z4.o(STACK) for __initial_sp
    startup_mkl25z4.o(RESET) refers to startup_mkl25z4.o(.text) for Reset_Handler
    startup_mkl25z4.o(.text) refers to system_mkl25z4.o(.text) for SystemInit
    startup_mkl25z4.o(.text) refers to __main.o(!!!main) for __main
    system_mkl25z4.o(.text) refers to aeabi_sdiv.o(.text) for __aeabi_uidivmod
    system_mkl25z4.o(.text) refers to system_mkl25z4.o(i.__ARM_common_switch8) for __ARM_common_switch8
    system_mkl25z4.o(.text) refers to system_mkl25z4.o(.data) for SystemCoreClock
    __main.o(!!!main) refers to __rtentry.o(.ARM.Collect$$rtentry$$00000000) for __rt_entry
    __rtentry.o(.ARM.Collect$$rtentry$$00000000) refers (Special) to __rtentry2.o(.ARM.Collect$$rtentry$$0000000A) for __rt_entry_li
    __rtentry.o(.ARM.Collect$$rtentry$$00000000) refers (Special) to __rtentry2.o(.ARM.Collect$$rtentry$$0000000D) for __rt_entry_main
    __rtentry.o(.ARM.Collect$$rtentry$$00000000) refers (Special) to __rtentry2.o(.ARM.Collect$$rtentry$$0000000C) for __rt_entry_postli_1
    __rtentry.o(.ARM.Collect$$rtentry$$00000000) refers (Special) to __rtentry2.o(.ARM.Collect$$rtentry$$00000009) for __rt_entry_postsh_1
    __rtentry.o(.ARM.Collect$$rtentry$$00000000) refers (Special) to __rtentry2.o(.ARM.Collect$$rtentry$$00000002) for __rt_entry_presh_1
    __rtentry.o(.ARM.Collect$$rtentry$$00000000) refers (Special) to __rtentry5.o(.ARM.Collect$$rtentry$$00000005) for __rt_entry_sh
    aeabi_idiv0_sigfpe.o(.text) refers to rt_div0.o(.text) for __rt_div0
    __rtentry2.o(.ARM.Collect$$rtentry$$00000008) refers to boardinit2.o(.text) for _platform_post_stackheap_init
    __rtentry2.o(.ARM.Collect$$rtentry$$0000000A) refers to libinit.o(.ARM.Collect$$libinit$$00000000) for __rt_lib_init
    __rtentry2.o(.ARM.Collect$$rtentry$$0000000B) refers to boardinit3.o(.text) for _platform_post_lib_init
    __rtentry2.o(.ARM.Collect$$rtentry$$0000000D) refers to main.o(.text) for main
    __rtentry2.o(.ARM.Collect$$rtentry$$0000000D) refers to exit.o(.text) for exit
    __rtentry2.o(.ARM.exidx) refers to __rtentry2.o(.ARM.Collect$$rtentry$$00000001) for .ARM.Collect$$rtentry$$00000001
    __rtentry2.o(.ARM.exidx) refers to __rtentry2.o(.ARM.Collect$$rtentry$$00000008) for .ARM.Collect$$rtentry$$00000008
    __rtentry2.o(.ARM.exidx) refers to __rtentry2.o(.ARM.Collect$$rtentry$$0000000A) for .ARM.Collect$$rtentry$$0000000A
    __rtentry2.o(.ARM.exidx) refers to __rtentry2.o(.ARM.Collect$$rtentry$$0000000B) for .ARM.Collect$$rtentry$$0000000B
    __rtentry2.o(.ARM.exidx) refers to __rtentry2.o(.ARM.Collect$$rtentry$$0000000D) for .ARM.Collect$$rtentry$$0000000D
    __rtentry4.o(.ARM.Collect$$rtentry$$00000004) refers to sys_stackheap_outer.o(.text) for __user_setup_stackheap
    __rtentry4.o(.ARM.exidx) refers to __rtentry4.o(.ARM.Collect$$rtentry$$00000004) for .ARM.Collect$$rtentry$$00000004
    __rtentry5.o(.ARM.Collect$$rtentry$$00000005) refers to __rtentry5.o(.ARM.Collect$$rtentry$$00002716) for __lit__00000000
    __rtentry5.o(.ARM.Collect$$rtentry$$00002716) refers to startup_mkl25z4.o(STACK) for __initial_sp
    __rtentry5.o(__vectab_stack_and_reset_sym_area) refers to startup_mkl25z4.o(STACK) for __initial_sp
    __rtentry5.o(__vectab_stack_and_reset_sym_area) refers to __main.o(!!!main) for __main
    __rtentry5.o(.ARM.exidx) refers to __rtentry5.o(.ARM.Collect$$rtentry$$00000005) for .ARM.Collect$$rtentry$$00000005
    __rtentry5.o(.ARM.exidx) refers to __rtentry5.o(.ARM.Collect$$rtentry$$00002716) for .ARM.Collect$$rtentry$$00002716
    rt_div0.o(.text) refers to defsig_fpe_outer.o(.text) for __rt_SIGFPE
    sys_stackheap_outer.o(.text) refers to libspace.o(.text) for __user_perproc_libspace
    sys_stackheap_outer.o(.text) refers to sys_stackheap.o(.text) for __user_initial_stackheap
    sys_stackheap_outer.o(__vectab_stack_and_reset_area) refers to tempstk.o(.text) for __temporary_stack_top
    sys_stackheap_outer.o(__vectab_stack_and_reset_area) refers to __main.o(!!!main) for __main
    exit.o(.text) refers to rtexit.o(.ARM.Collect$$rtexit$$00000000) for __rt_exit
    defsig_fpe_outer.o(.text) refers to defsig_fpe_inner.o(.text) for __rt_SIGFPE_inner
    defsig_fpe_outer.o(.text) refers to defsig_exit.o(.text) for __sig_exit
    defsig_fpe_formal.o(.text) refers to rt_raise.o(.text) for __rt_raise
    libinit.o(.ARM.Collect$$libinit$$00000000) refers (Special) to libinit2.o(.ARM.Collect$$libinit$$0000002E) for __rt_lib_init_alloca_1
    libinit.o(.ARM.Collect$$libinit$$00000000) refers (Special) to libinit2.o(.ARM.Collect$$libinit$$0000002C) for __rt_lib_init_argv_1
    libinit.o(.ARM.Collect$$libinit$$00000000) refers (Special) to libinit2.o(.ARM.Collect$$libinit$$0000001B) for __rt_lib_init_atexit_1
    libinit.o(.ARM.Collect$$libinit$$00000000) refers (Special) to libinit2.o(.ARM.Collect$$libinit$$00000021) for __rt_lib_init_clock_1
    libinit.o(.ARM.Collect$$libinit$$00000000) refers (Special) to libinit2.o(.ARM.Collect$$libinit$$00000032) for __rt_lib_init_cpp_1
    libinit.o(.ARM.Collect$$libinit$$00000000) refers (Special) to libinit2.o(.ARM.Collect$$libinit$$00000030) for __rt_lib_init_exceptions_1
    libinit.o(.ARM.Collect$$libinit$$00000000) refers (Special) to libinit2.o(.ARM.Collect$$libinit$$00000002) for __rt_lib_init_fp_1
    libinit.o(.ARM.Collect$$libinit$$00000000) refers (Special) to libinit2.o(.ARM.Collect$$libinit$$0000001F) for __rt_lib_init_fp_trap_1
    libinit.o(.ARM.Collect$$libinit$$00000000) refers (Special) to libinit2.o(.ARM.Collect$$libinit$$00000023) for __rt_lib_init_getenv_1
    libinit.o(.ARM.Collect$$libinit$$00000000) refers (Special) to libinit2.o(.ARM.Collect$$libinit$$0000000A) for __rt_lib_init_heap_1
    libinit.o(.ARM.Collect$$libinit$$00000000) refers (Special) to libinit2.o(.ARM.Collect$$libinit$$00000011) for __rt_lib_init_lc_collate_1
    libinit.o(.ARM.Collect$$libinit$$00000000) refers (Special) to libinit2.o(.ARM.Collect$$libinit$$00000013) for __rt_lib_init_lc_ctype_1
    libinit.o(.ARM.Collect$$libinit$$00000000) refers (Special) to libinit2.o(.ARM.Collect$$libinit$$00000015) for __rt_lib_init_lc_monetary_1
    libinit.o(.ARM.Collect$$libinit$$00000000) refers (Special) to libinit2.o(.ARM.Collect$$libinit$$00000017) for __rt_lib_init_lc_numeric_1
    libinit.o(.ARM.Collect$$libinit$$00000000) refers (Special) to libinit2.o(.ARM.Collect$$libinit$$00000019) for __rt_lib_init_lc_time_1
    libinit.o(.ARM.Collect$$libinit$$00000000) refers (Special) to libinit2.o(.ARM.Collect$$libinit$$00000004) for __rt_lib_init_preinit_1
    libinit.o(.ARM.Collect$$libinit$$00000000) refers (Special) to libinit2.o(.ARM.Collect$$libinit$$0000000E) for __rt_lib_init_rand_1
    libinit.o(.ARM.Collect$$libinit$$00000000) refers (Special) to libinit2.o(.ARM.Collect$$libinit$$00000033) for __rt_lib_init_return
    libinit.o(.ARM.Collect$$libinit$$00000000) refers (Special) to libinit2.o(.ARM.Collect$$libinit$$0000001D) for __rt_lib_init_signal_1
    libinit.o(.ARM.Collect$$libinit$$00000000) refers (Special) to libinit2.o(.ARM.Collect$$libinit$$00000025) for __rt_lib_init_stdio_1
    libinit.o(.ARM.Collect$$libinit$$00000000) refers (Special) to libinit2.o(.ARM.Collect$$libinit$$0000000C) for __rt_lib_init_user_alloc_1
    libspace.o(.text) refers to libspace.o(.bss) for __libspace_start
    sys_stackheap.o(.text) refers (Special) to indicate_semi.o(.text) for __semihosting_library_function
    sys_stackheap.o(.text) refers to use_no_semi.o(.text) for __I$use$semihosting
    rtexit.o(.ARM.Collect$$rtexit$$00000000) refers (Special) to rtexit2.o(.ARM.Collect$$rtexit$$00000004) for __rt_exit_exit
    rtexit.o(.ARM.Collect$$rtexit$$00000000) refers (Special) to rtexit2.o(.ARM.Collect$$rtexit$$00000003) for __rt_exit_ls
    rtexit.o(.ARM.Collect$$rtexit$$00000000) refers (Special) to rtexit2.o(.ARM.Collect$$rtexit$$00000002) for __rt_exit_prels_1
    rtexit.o(.ARM.exidx) refers (Special) to rtexit2.o(.ARM.Collect$$rtexit$$00000004) for __rt_exit_exit
    rtexit.o(.ARM.exidx) refers (Special) to rtexit2.o(.ARM.Collect$$rtexit$$00000003) for __rt_exit_ls
    rtexit.o(.ARM.exidx) refers (Special) to rtexit2.o(.ARM.Collect$$rtexit$$00000002) for __rt_exit_prels_1
    rtexit.o(.ARM.exidx) refers to rtexit.o(.ARM.Collect$$rtexit$$00000000) for .ARM.Collect$$rtexit$$00000000
    rt_raise.o(.text) refers to __raise.o(.text) for __raise
    rt_raise.o(.text) refers to sys_exit.o(.text) for _sys_exit
    defsig_exit.o(.text) refers to sys_exit.o(.text) for _sys_exit
    defsig_fpe_inner.o(.text) refers to defsig_general.o(.text) for __default_signal_display
    libinit2.o(.ARM.Collect$$libinit$$00000010) refers to libinit2.o(.ARM.Collect$$libinit$$0000000F) for .ARM.Collect$$libinit$$0000000F
    libinit2.o(.ARM.Collect$$libinit$$00000012) refers to libinit2.o(.ARM.Collect$$libinit$$0000000F) for .ARM.Collect$$libinit$$0000000F
    libinit2.o(.ARM.Collect$$libinit$$00000014) refers to libinit2.o(.ARM.Collect$$libinit$$0000000F) for .ARM.Collect$$libinit$$0000000F
    libinit2.o(.ARM.Collect$$libinit$$00000016) refers to libinit2.o(.ARM.Collect$$libinit$$0000000F) for .ARM.Collect$$libinit$$0000000F
    libinit2.o(.ARM.Collect$$libinit$$00000018) refers to libinit2.o(.ARM.Collect$$libinit$$0000000F) for .ARM.Collect$$libinit$$0000000F
    libinit2.o(.ARM.Collect$$libinit$$00000026) refers to argv_veneer.o(.text) for __ARM_argv_veneer
    libinit2.o(.ARM.Collect$$libinit$$00000027) refers to argv_veneer.o(.text) for __ARM_argv_veneer
    libinit3.o(.ARM.Collect$$libinit$$00000006) refers to libinit3.o(.ARM.Collect$$libinit$$00002717) for __lit__00000000
    libinit3.o(.ARM.Collect$$libinit$$00002717) refers to startup_mkl25z4.o(HEAP) for __heap_base
    libinit3.o(.ARM.Collect$$libinit$$00000028) refers to libinit3.o(.ARM.Collect$$libinit$$00002739) for __lit__00000002
    libinit3.o(.ARM.Collect$$libinit$$00000028) refers to argv_veneer.o(.text) for __ARM_argv_veneer
    libinit3.o(.ARM.Collect$$libinit$$00002739) refers to startup_mkl25z4.o(HEAP) for __heap_base
    sys_exit.o(.text) refers (Special) to use_no_semi.o(.text) for __I$use$semihosting
    sys_exit.o(.text) refers (Special) to indicate_semi.o(.text) for __semihosting_library_function
    rtexit2.o(.ARM.Collect$$rtexit$$00000003) refers to libshutdown.o(.ARM.Collect$$libshutdown$$00000000) for __rt_lib_shutdown
    rtexit2.o(.ARM.Collect$$rtexit$$00000004) refers to sys_exit.o(.text) for _sys_exit
    rtexit2.o(.ARM.exidx) refers to rtexit2.o(.ARM.Collect$$rtexit$$00000001) for .ARM.Collect$$rtexit$$00000001
    rtexit2.o(.ARM.exidx) refers to rtexit2.o(.ARM.Collect$$rtexit$$00000003) for .ARM.Collect$$rtexit$$00000003
    rtexit2.o(.ARM.exidx) refers to rtexit2.o(.ARM.Collect$$rtexit$$00000004) for .ARM.Collect$$rtexit$$00000004
    __raise.o(.text) refers to defsig.o(CL$$defsig) for __default_signal_handler
    defsig_general.o(.text) refers to sys_wrch.o(.text) for _ttywrch
    sys_wrch.o(.text) refers (Special) to use_no_semi.o(.text) for __I$use$semihosting
    sys_wrch.o(.text) refers (Special) to indicate_semi.o(.text) for __semihosting_library_function
    defsig.o(CL$$defsig) refers to defsig_fpe_inner.o(.text) for __rt_SIGFPE_inner
    defsig.o(CL$$defsig) refers to defsig_rtmem_inner.o(.text) for __rt_SIGRTMEM_inner
    _get_argv_nomalloc.o(.text) refers (Special) to hrguard.o(.text) for __heap_region$guard
    _get_argv_nomalloc.o(.text) refers to defsig_rtmem_outer.o(.text) for __rt_SIGRTMEM
    _get_argv_nomalloc.o(.text) refers to sys_command.o(.text) for _sys_command_string
    libshutdown.o(.ARM.Collect$$libshutdown$$00000000) refers (Special) to libshutdown2.o(.ARM.Collect$$libshutdown$$00000002) for __rt_lib_shutdown_cpp_1
    libshutdown.o(.ARM.Collect$$libshutdown$$00000000) refers (Special) to libshutdown2.o(.ARM.Collect$$libshutdown$$00000007) for __rt_lib_shutdown_fp_trap_1
    libshutdown.o(.ARM.Collect$$libshutdown$$00000000) refers (Special) to libshutdown2.o(.ARM.Collect$$libshutdown$$0000000F) for __rt_lib_shutdown_heap_1
    libshutdown.o(.ARM.Collect$$libshutdown$$00000000) refers (Special) to libshutdown2.o(.ARM.Collect$$libshutdown$$00000010) for __rt_lib_shutdown_return
    libshutdown.o(.ARM.Collect$$libshutdown$$00000000) refers (Special) to libshutdown2.o(.ARM.Collect$$libshutdown$$0000000A) for __rt_lib_shutdown_signal_1
    libshutdown.o(.ARM.Collect$$libshutdown$$00000000) refers (Special) to libshutdown2.o(.ARM.Collect$$libshutdown$$00000004) for __rt_lib_shutdown_stdio_1
    libshutdown.o(.ARM.Collect$$libshutdown$$00000000) refers (Special) to libshutdown2.o(.ARM.Collect$$libshutdown$$0000000C) for __rt_lib_shutdown_user_alloc_1
    sys_command.o(.text) refers (Special) to use_no_semi.o(.text) for __I$use$semihosting
    sys_command.o(.text) refers (Special) to indicate_semi.o(.text) for __semihosting_library_function
    defsig_abrt_inner.o(.text) refers to defsig_general.o(.text) for __default_signal_display
    defsig_rtred_inner.o(.text) refers to defsig_general.o(.text) for __default_signal_display
    defsig_rtmem_inner.o(.text) refers to defsig_general.o(.text) for __default_signal_display
    defsig_rtmem_outer.o(.text) refers to defsig_rtmem_inner.o(.text) for __rt_SIGRTMEM_inner
    defsig_rtmem_outer.o(.text) refers to defsig_exit.o(.text) for __sig_exit
    defsig_rtmem_formal.o(.text) refers to rt_raise.o(.text) for __rt_raise
    defsig_stak_inner.o(.text) refers to defsig_general.o(.text) for __default_signal_display
    defsig_pvfn_inner.o(.text) refers to defsig_general.o(.text) for __default_signal_display
    defsig_cppl_inner.o(.text) refers to defsig_general.o(.text) for __default_signal_display
    defsig_segv_inner.o(.text) refers to defsig_general.o(.text) for __default_signal_display
    defsig_other.o(.text) refers to defsig_general.o(.text) for __default_signal_display


==============================================================================

Removing Unused input sections from the image.

    Removing startup_mkl25z4.o(HEAP), (0 bytes).
    Removing system_mkl25z4.o(.rev16_text), (4 bytes).
    Removing system_mkl25z4.o(.revsh_text), (4 bytes).

3 unused section(s) (total 8 bytes) removed from the image.

==============================================================================

Image Symbol Table

    Local Symbols

    Symbol Name                              Value     Ov Type        Size  Object(Section)

    ../clib/angel/boardlib.s                 0x00000000   Number         0  boardshut.o ABSOLUTE
    ../clib/angel/boardlib.s                 0x00000000   Number         0  boardinit1.o ABSOLUTE
    ../clib/angel/boardlib.s                 0x00000000   Number         0  boardinit2.o ABSOLUTE
    ../clib/angel/boardlib.s                 0x00000000   Number         0  boardinit3.o ABSOLUTE
    ../clib/angel/handlers.s                 0x00000000   Number         0  __scatter_zi.o ABSOLUTE
    ../clib/angel/handlers.s                 0x00000000   Number         0  __scatter_copy.o ABSOLUTE
    ../clib/angel/kernel.s                   0x00000000   Number         0  __rtentry4.o ABSOLUTE
    ../clib/angel/kernel.s                   0x00000000   Number         0  __rtentry5.o ABSOLUTE
    ../clib/angel/kernel.s                   0x00000000   Number         0  rtexit2.o ABSOLUTE
    ../clib/angel/kernel.s                   0x00000000   Number         0  __rtentry.o ABSOLUTE
    ../clib/angel/kernel.s                   0x00000000   Number         0  __rtentry2.o ABSOLUTE
    ../clib/angel/kernel.s                   0x00000000   Number         0  rtexit.o ABSOLUTE
    ../clib/angel/rt.s                       0x00000000   Number         0  rt_div0.o ABSOLUTE
    ../clib/angel/rt.s                       0x00000000   Number         0  aeabi_idiv0.o ABSOLUTE
    ../clib/angel/rt.s                       0x00000000   Number         0  aeabi_idiv0_sigfpe.o ABSOLUTE
    ../clib/angel/rt.s                       0x00000000   Number         0  rt_raise.o ABSOLUTE
    ../clib/angel/scatterp.s                 0x00000000   Number         0  __scatter.o ABSOLUTE
    ../clib/angel/startup.s                  0x00000000   Number         0  __main.o ABSOLUTE
    ../clib/angel/sys.s                      0x00000000   Number         0  sys_stackheap_outer.o ABSOLUTE
    ../clib/angel/sys.s                      0x00000000   Number         0  indicate_semi.o ABSOLUTE
    ../clib/angel/sys.s                      0x00000000   Number         0  use_no_semi.o ABSOLUTE
    ../clib/angel/sys.s                      0x00000000   Number         0  libspace.o ABSOLUTE
    ../clib/angel/sys.s                      0x00000000   Number         0  sys_stackheap.o ABSOLUTE
    ../clib/angel/sys.s                      0x00000000   Number         0  tempstk.o ABSOLUTE
    ../clib/angel/sysapp.c                   0x00000000   Number         0  sys_command.o ABSOLUTE
    ../clib/angel/sysapp.c                   0x00000000   Number         0  sys_wrch.o ABSOLUTE
    ../clib/angel/sysapp.c                   0x00000000   Number         0  sys_exit.o ABSOLUTE
    ../clib/armsys.c                         0x00000000   Number         0  no_argv.o ABSOLUTE
    ../clib/armsys.c                         0x00000000   Number         0  _get_argv_nomalloc.o ABSOLUTE
    ../clib/armsys.c                         0x00000000   Number         0  argv_veneer.o ABSOLUTE
    ../clib/division.s                       0x00000000   Number         0  aeabi_sdiv.o ABSOLUTE
    ../clib/division.s                       0x00000000   Number         0  aeabi_sdiv_div0.o ABSOLUTE
    ../clib/heapalloc.c                      0x00000000   Number         0  hrguard.o ABSOLUTE
    ../clib/libinit.s                        0x00000000   Number         0  libinit.o ABSOLUTE
    ../clib/libinit.s                        0x00000000   Number         0  libinit2.o ABSOLUTE
    ../clib/libinit.s                        0x00000000   Number         0  libshutdown2.o ABSOLUTE
    ../clib/libinit.s                        0x00000000   Number         0  libshutdown.o ABSOLUTE
    ../clib/libinit.s                        0x00000000   Number         0  libinit3.o ABSOLUTE
    ../clib/signal.c                         0x00000000   Number         0  defsig_pvfn_inner.o ABSOLUTE
    ../clib/signal.c                         0x00000000   Number         0  defsig_fpe_outer.o ABSOLUTE
    ../clib/signal.c                         0x00000000   Number         0  defsig_fpe_formal.o ABSOLUTE
    ../clib/signal.c                         0x00000000   Number         0  defsig_other.o ABSOLUTE
    ../clib/signal.c                         0x00000000   Number         0  defsig_general.o ABSOLUTE
    ../clib/signal.c                         0x00000000   Number         0  __raise.o ABSOLUTE
    ../clib/signal.c                         0x00000000   Number         0  defsig_segv_inner.o ABSOLUTE
    ../clib/signal.c                         0x00000000   Number         0  defsig_exit.o ABSOLUTE
    ../clib/signal.c                         0x00000000   Number         0  defsig_cppl_inner.o ABSOLUTE
    ../clib/signal.c                         0x00000000   Number         0  defsig_stak_inner.o ABSOLUTE
    ../clib/signal.c                         0x00000000   Number         0  defsig_rtmem_formal.o ABSOLUTE
    ../clib/signal.c                         0x00000000   Number         0  defsig_rtmem_outer.o ABSOLUTE
    ../clib/signal.c                         0x00000000   Number         0  defsig_rtmem_inner.o ABSOLUTE
    ../clib/signal.c                         0x00000000   Number         0  defsig_rtred_inner.o ABSOLUTE
    ../clib/signal.c                         0x00000000   Number         0  defsig_abrt_inner.o ABSOLUTE
    ../clib/signal.c                         0x00000000   Number         0  defsig_fpe_inner.o ABSOLUTE
    ../clib/signal.s                         0x00000000   Number         0  defsig.o ABSOLUTE
    ../clib/stdlib.c                         0x00000000   Number         0  exit.o ABSOLUTE
    ../fplib/cfplib/fpinit.c                 0x00000000   Number         0  fpinit.o ABSOLUTE
    RTE\Device\MKL25Z128xxx4\startup_MKL25Z4.s 0x00000000   Number         0  startup_mkl25z4.o ABSOLUTE
    RTE\Device\MKL25Z128xxx4\system_MKL25Z4.c 0x00000000   Number         0  system_mkl25z4.o ABSOLUTE
    RTE\\Device\\MKL25Z128xxx4\\system_MKL25Z4.c 0x00000000   Number         0  system_mkl25z4.o ABSOLUTE
    asm_main.s                               0x00000000   Number         0  asm_main.o ABSOLUTE
    dc.s                                     0x00000000   Number         0  dc.o ABSOLUTE
    main.c                                   0x00000000   Number         0  main.o ABSOLUTE
    .ARM.__at_0x400                          0x00000400   Section       16  startup_mkl25z4.o(.ARM.__at_0x400)
    RESET                                    0x1ffff000   Section      192  startup_mkl25z4.o(RESET)
    !!!main                                  0x1ffff0c0   Section        8  __main.o(!!!main)
    !!!scatter                               0x1ffff0c8   Section       60  __scatter.o(!!!scatter)
    !!handler_copy                           0x1ffff104   Section       26  __scatter_copy.o(!!handler_copy)
    !!handler_zi                             0x1ffff120   Section       28  __scatter_zi.o(!!handler_zi)
    .ARM.Collect$$libinit$$00000000          0x1ffff13c   Section        2  libinit.o(.ARM.Collect$$libinit$$00000000)
    .ARM.Collect$$libinit$$00000002          0x1ffff13e   Section        0  libinit2.o(.ARM.Collect$$libinit$$00000002)
    .ARM.Collect$$libinit$$00000004          0x1ffff13e   Section        0  libinit2.o(.ARM.Collect$$libinit$$00000004)
    .ARM.Collect$$libinit$$0000000A          0x1ffff13e   Section        0  libinit2.o(.ARM.Collect$$libinit$$0000000A)
    .ARM.Collect$$libinit$$0000000C          0x1ffff13e   Section        0  libinit2.o(.ARM.Collect$$libinit$$0000000C)
    .ARM.Collect$$libinit$$0000000E          0x1ffff13e   Section        0  libinit2.o(.ARM.Collect$$libinit$$0000000E)
    .ARM.Collect$$libinit$$00000011          0x1ffff13e   Section        0  libinit2.o(.ARM.Collect$$libinit$$00000011)
    .ARM.Collect$$libinit$$00000013          0x1ffff13e   Section        0  libinit2.o(.ARM.Collect$$libinit$$00000013)
    .ARM.Collect$$libinit$$00000015          0x1ffff13e   Section        0  libinit2.o(.ARM.Collect$$libinit$$00000015)
    .ARM.Collect$$libinit$$00000017          0x1ffff13e   Section        0  libinit2.o(.ARM.Collect$$libinit$$00000017)
    .ARM.Collect$$libinit$$00000019          0x1ffff13e   Section        0  libinit2.o(.ARM.Collect$$libinit$$00000019)
    .ARM.Collect$$libinit$$0000001B          0x1ffff13e   Section        0  libinit2.o(.ARM.Collect$$libinit$$0000001B)
    .ARM.Collect$$libinit$$0000001D          0x1ffff13e   Section        0  libinit2.o(.ARM.Collect$$libinit$$0000001D)
    .ARM.Collect$$libinit$$0000001F          0x1ffff13e   Section        0  libinit2.o(.ARM.Collect$$libinit$$0000001F)
    .ARM.Collect$$libinit$$00000021          0x1ffff13e   Section        0  libinit2.o(.ARM.Collect$$libinit$$00000021)
    .ARM.Collect$$libinit$$00000023          0x1ffff13e   Section        0  libinit2.o(.ARM.Collect$$libinit$$00000023)
    .ARM.Collect$$libinit$$00000025          0x1ffff13e   Section        0  libinit2.o(.ARM.Collect$$libinit$$00000025)
    .ARM.Collect$$libinit$$0000002C          0x1ffff13e   Section        0  libinit2.o(.ARM.Collect$$libinit$$0000002C)
    .ARM.Collect$$libinit$$0000002E          0x1ffff13e   Section        0  libinit2.o(.ARM.Collect$$libinit$$0000002E)
    .ARM.Collect$$libinit$$00000030          0x1ffff13e   Section        0  libinit2.o(.ARM.Collect$$libinit$$00000030)
    .ARM.Collect$$libinit$$00000032          0x1ffff13e   Section        0  libinit2.o(.ARM.Collect$$libinit$$00000032)
    .ARM.Collect$$libinit$$00000033          0x1ffff13e   Section        2  libinit2.o(.ARM.Collect$$libinit$$00000033)
    .ARM.Collect$$libshutdown$$00000000      0x1ffff140   Section        2  libshutdown.o(.ARM.Collect$$libshutdown$$00000000)
    .ARM.Collect$$libshutdown$$00000002      0x1ffff142   Section        0  libshutdown2.o(.ARM.Collect$$libshutdown$$00000002)
    .ARM.Collect$$libshutdown$$00000004      0x1ffff142   Section        0  libshutdown2.o(.ARM.Collect$$libshutdown$$00000004)
    .ARM.Collect$$libshutdown$$00000007      0x1ffff142   Section        0  libshutdown2.o(.ARM.Collect$$libshutdown$$00000007)
    .ARM.Collect$$libshutdown$$0000000A      0x1ffff142   Section        0  libshutdown2.o(.ARM.Collect$$libshutdown$$0000000A)
    .ARM.Collect$$libshutdown$$0000000C      0x1ffff142   Section        0  libshutdown2.o(.ARM.Collect$$libshutdown$$0000000C)
    .ARM.Collect$$libshutdown$$0000000F      0x1ffff142   Section        0  libshutdown2.o(.ARM.Collect$$libshutdown$$0000000F)
    .ARM.Collect$$libshutdown$$00000010      0x1ffff142   Section        2  libshutdown2.o(.ARM.Collect$$libshutdown$$00000010)
    .ARM.Collect$$rtentry$$00000000          0x1ffff144   Section        0  __rtentry.o(.ARM.Collect$$rtentry$$00000000)
    .ARM.Collect$$rtentry$$00000002          0x1ffff144   Section        0  __rtentry2.o(.ARM.Collect$$rtentry$$00000002)
    .ARM.Collect$$rtentry$$00000005          0x1ffff144   Section        4  __rtentry5.o(.ARM.Collect$$rtentry$$00000005)
    .ARM.Collect$$rtentry$$00000009          0x1ffff148   Section        0  __rtentry2.o(.ARM.Collect$$rtentry$$00000009)
    .ARM.Collect$$rtentry$$0000000A          0x1ffff148   Section        4  __rtentry2.o(.ARM.Collect$$rtentry$$0000000A)
    .ARM.Collect$$rtentry$$0000000C          0x1ffff14c   Section        0  __rtentry2.o(.ARM.Collect$$rtentry$$0000000C)
    .ARM.Collect$$rtentry$$0000000D          0x1ffff14c   Section        8  __rtentry2.o(.ARM.Collect$$rtentry$$0000000D)
    .ARM.Collect$$rtentry$$00002716          0x1ffff154   Section        4  __rtentry5.o(.ARM.Collect$$rtentry$$00002716)
    __lit__00000000                          0x1ffff154   Data           4  __rtentry5.o(.ARM.Collect$$rtentry$$00002716)
    .ARM.Collect$$rtexit$$00000000           0x1ffff158   Section        2  rtexit.o(.ARM.Collect$$rtexit$$00000000)
    .ARM.Collect$$rtexit$$00000002           0x1ffff15a   Section        0  rtexit2.o(.ARM.Collect$$rtexit$$00000002)
    .ARM.Collect$$rtexit$$00000003           0x1ffff15a   Section        4  rtexit2.o(.ARM.Collect$$rtexit$$00000003)
    .ARM.Collect$$rtexit$$00000004           0x1ffff15e   Section        6  rtexit2.o(.ARM.Collect$$rtexit$$00000004)
    .text                                    0x1ffff164   Section        0  main.o(.text)
    .text                                    0x1ffff16c   Section       40  startup_mkl25z4.o(.text)
    .text                                    0x1ffff194   Section        0  system_mkl25z4.o(.text)
    .text                                    0x1ffff454   Section      346  aeabi_sdiv.o(.text)
    .text                                    0x1ffff5ae   Section        0  exit.o(.text)
    .text                                    0x1ffff5c0   Section        0  sys_exit.o(.text)
    .text                                    0x1ffff5cc   Section        2  use_no_semi.o(.text)
    .text                                    0x1ffff5ce   Section        0  indicate_semi.o(.text)
    asm_area                                 0x1ffff5d0   Section      432  asm_main.o(asm_area)
    i.__ARM_common_switch8                   0x1ffff780   Section        0  system_mkl25z4.o(i.__ARM_common_switch8)
    .data                                    0x20000000   Section        4  system_mkl25z4.o(.data)
    STACK                                    0x20000008   Section      256  startup_mkl25z4.o(STACK)

    Global Symbols

    Symbol Name                              Value     Ov Type        Size  Object(Section)

    BuildAttributes$$THM_ISAv3M$S$PE$A:L22$X:L11$S22$IEEE1$IW$USESV6$~STKCKD$USESV7$~SHL$OSPACE$ROPI$EBA8$UX$STANDARDLIB$REQ8$PRES8$EABIv2 0x00000000   Number         0  anon$$obj.o ABSOLUTE
    __ARM_use_no_argv                        0x00000000   Number         0  main.o ABSOLUTE
    Image$$ZI$$Limit                          - Undefined Weak Reference
    __ARM_exceptions_init                     - Undefined Weak Reference
    __alloca_initialize                       - Undefined Weak Reference
    __arm_preinit_                            - Undefined Weak Reference
    __cpp_initialize__aeabi_                  - Undefined Weak Reference
    __cxa_finalize                            - Undefined Weak Reference
    __rt_locale                               - Undefined Weak Reference
    __sigvec_lookup                           - Undefined Weak Reference
    _atexit_init                              - Undefined Weak Reference
    _call_atexit_fns                          - Undefined Weak Reference
    _clock_init                               - Undefined Weak Reference
    _fp_trap_init                             - Undefined Weak Reference
    _fp_trap_shutdown                         - Undefined Weak Reference
    _get_lc_collate                           - Undefined Weak Reference
    _get_lc_ctype                             - Undefined Weak Reference
    _get_lc_monetary                          - Undefined Weak Reference
    _get_lc_numeric                           - Undefined Weak Reference
    _get_lc_time                              - Undefined Weak Reference
    _getenv_init                              - Undefined Weak Reference
    _handle_redirection                       - Undefined Weak Reference
    _init_alloc                               - Undefined Weak Reference
    _init_user_alloc                          - Undefined Weak Reference
    _initio                                   - Undefined Weak Reference
    _rand_init                                - Undefined Weak Reference
    _signal_finish                            - Undefined Weak Reference
    _signal_init                              - Undefined Weak Reference
    _terminate_alloc                          - Undefined Weak Reference
    _terminate_user_alloc                     - Undefined Weak Reference
    _terminateio                              - Undefined Weak Reference
    __Vectors_Size                           0x000000c0   Number         0  startup_mkl25z4.o ABSOLUTE
    __Vectors                                0x1ffff000   Data           4  startup_mkl25z4.o(RESET)
    __Vectors_End                            0x1ffff0c0   Data           0  startup_mkl25z4.o(RESET)
    __main                                   0x1ffff0c1   Thumb Code     8  __main.o(!!!main)
    __scatterload                            0x1ffff0c9   Thumb Code     0  __scatter.o(!!!scatter)
    __scatterload_rt2                        0x1ffff0c9   Thumb Code    52  __scatter.o(!!!scatter)
    __scatterload_rt2_thumb_only             0x1ffff0c9   Thumb Code     0  __scatter.o(!!!scatter)
    __scatterload_null                       0x1ffff0d9   Thumb Code     0  __scatter.o(!!!scatter)
    __scatterload_copy                       0x1ffff105   Thumb Code    26  __scatter_copy.o(!!handler_copy)
    __scatterload_zeroinit                   0x1ffff121   Thumb Code    28  __scatter_zi.o(!!handler_zi)
    __rt_lib_init                            0x1ffff13d   Thumb Code     0  libinit.o(.ARM.Collect$$libinit$$00000000)
    __rt_lib_init_alloca_1                   0x1ffff13f   Thumb Code     0  libinit2.o(.ARM.Collect$$libinit$$0000002E)
    __rt_lib_init_argv_1                     0x1ffff13f   Thumb Code     0  libinit2.o(.ARM.Collect$$libinit$$0000002C)
    __rt_lib_init_atexit_1                   0x1ffff13f   Thumb Code     0  libinit2.o(.ARM.Collect$$libinit$$0000001B)
    __rt_lib_init_clock_1                    0x1ffff13f   Thumb Code     0  libinit2.o(.ARM.Collect$$libinit$$00000021)
    __rt_lib_init_cpp_1                      0x1ffff13f   Thumb Code     0  libinit2.o(.ARM.Collect$$libinit$$00000032)
    __rt_lib_init_exceptions_1               0x1ffff13f   Thumb Code     0  libinit2.o(.ARM.Collect$$libinit$$00000030)
    __rt_lib_init_fp_1                       0x1ffff13f   Thumb Code     0  libinit2.o(.ARM.Collect$$libinit$$00000002)
    __rt_lib_init_fp_trap_1                  0x1ffff13f   Thumb Code     0  libinit2.o(.ARM.Collect$$libinit$$0000001F)
    __rt_lib_init_getenv_1                   0x1ffff13f   Thumb Code     0  libinit2.o(.ARM.Collect$$libinit$$00000023)
    __rt_lib_init_heap_1                     0x1ffff13f   Thumb Code     0  libinit2.o(.ARM.Collect$$libinit$$0000000A)
    __rt_lib_init_lc_collate_1               0x1ffff13f   Thumb Code     0  libinit2.o(.ARM.Collect$$libinit$$00000011)
    __rt_lib_init_lc_ctype_1                 0x1ffff13f   Thumb Code     0  libinit2.o(.ARM.Collect$$libinit$$00000013)
    __rt_lib_init_lc_monetary_1              0x1ffff13f   Thumb Code     0  libinit2.o(.ARM.Collect$$libinit$$00000015)
    __rt_lib_init_lc_numeric_1               0x1ffff13f   Thumb Code     0  libinit2.o(.ARM.Collect$$libinit$$00000017)
    __rt_lib_init_lc_time_1                  0x1ffff13f   Thumb Code     0  libinit2.o(.ARM.Collect$$libinit$$00000019)
    __rt_lib_init_preinit_1                  0x1ffff13f   Thumb Code     0  libinit2.o(.ARM.Collect$$libinit$$00000004)
    __rt_lib_init_rand_1                     0x1ffff13f   Thumb Code     0  libinit2.o(.ARM.Collect$$libinit$$0000000E)
    __rt_lib_init_return                     0x1ffff13f   Thumb Code     0  libinit2.o(.ARM.Collect$$libinit$$00000033)
    __rt_lib_init_signal_1                   0x1ffff13f   Thumb Code     0  libinit2.o(.ARM.Collect$$libinit$$0000001D)
    __rt_lib_init_stdio_1                    0x1ffff13f   Thumb Code     0  libinit2.o(.ARM.Collect$$libinit$$00000025)
    __rt_lib_init_user_alloc_1               0x1ffff13f   Thumb Code     0  libinit2.o(.ARM.Collect$$libinit$$0000000C)
    __rt_lib_shutdown                        0x1ffff141   Thumb Code     0  libshutdown.o(.ARM.Collect$$libshutdown$$00000000)
    __rt_lib_shutdown_cpp_1                  0x1ffff143   Thumb Code     0  libshutdown2.o(.ARM.Collect$$libshutdown$$00000002)
    __rt_lib_shutdown_fp_trap_1              0x1ffff143   Thumb Code     0  libshutdown2.o(.ARM.Collect$$libshutdown$$00000007)
    __rt_lib_shutdown_heap_1                 0x1ffff143   Thumb Code     0  libshutdown2.o(.ARM.Collect$$libshutdown$$0000000F)
    __rt_lib_shutdown_return                 0x1ffff143   Thumb Code     0  libshutdown2.o(.ARM.Collect$$libshutdown$$00000010)
    __rt_lib_shutdown_signal_1               0x1ffff143   Thumb Code     0  libshutdown2.o(.ARM.Collect$$libshutdown$$0000000A)
    __rt_lib_shutdown_stdio_1                0x1ffff143   Thumb Code     0  libshutdown2.o(.ARM.Collect$$libshutdown$$00000004)
    __rt_lib_shutdown_user_alloc_1           0x1ffff143   Thumb Code     0  libshutdown2.o(.ARM.Collect$$libshutdown$$0000000C)
    __rt_entry                               0x1ffff145   Thumb Code     0  __rtentry.o(.ARM.Collect$$rtentry$$00000000)
    __rt_entry_presh_1                       0x1ffff145   Thumb Code     0  __rtentry2.o(.ARM.Collect$$rtentry$$00000002)
    __rt_entry_sh                            0x1ffff145   Thumb Code     0  __rtentry5.o(.ARM.Collect$$rtentry$$00000005)
    __rt_entry_li                            0x1ffff149   Thumb Code     0  __rtentry2.o(.ARM.Collect$$rtentry$$0000000A)
    __rt_entry_postsh_1                      0x1ffff149   Thumb Code     0  __rtentry2.o(.ARM.Collect$$rtentry$$00000009)
    __rt_entry_main                          0x1ffff14d   Thumb Code     0  __rtentry2.o(.ARM.Collect$$rtentry$$0000000D)
    __rt_entry_postli_1                      0x1ffff14d   Thumb Code     0  __rtentry2.o(.ARM.Collect$$rtentry$$0000000C)
    __rt_exit                                0x1ffff159   Thumb Code     0  rtexit.o(.ARM.Collect$$rtexit$$00000000)
    __rt_exit_ls                             0x1ffff15b   Thumb Code     0  rtexit2.o(.ARM.Collect$$rtexit$$00000003)
    __rt_exit_prels_1                        0x1ffff15b   Thumb Code     0  rtexit2.o(.ARM.Collect$$rtexit$$00000002)
    __rt_exit_exit                           0x1ffff15f   Thumb Code     0  rtexit2.o(.ARM.Collect$$rtexit$$00000004)
    main                                     0x1ffff165   Thumb Code     8  main.o(.text)
    Reset_Handler                            0x1ffff16d   Thumb Code    12  startup_mkl25z4.o(.text)
    NMI_Handler                              0x1ffff179   Thumb Code     2  startup_mkl25z4.o(.text)
    HardFault_Handler                        0x1ffff17b   Thumb Code     2  startup_mkl25z4.o(.text)
    SVC_Handler                              0x1ffff17d   Thumb Code     2  startup_mkl25z4.o(.text)
    PendSV_Handler                           0x1ffff17f   Thumb Code     2  startup_mkl25z4.o(.text)
    SysTick_Handler                          0x1ffff181   Thumb Code     2  startup_mkl25z4.o(.text)
    ADC0_IRQHandler                          0x1ffff183   Thumb Code     0  startup_mkl25z4.o(.text)
    CMP0_IRQHandler                          0x1ffff183   Thumb Code     0  startup_mkl25z4.o(.text)
    DAC0_IRQHandler                          0x1ffff183   Thumb Code     0  startup_mkl25z4.o(.text)
    DMA0_IRQHandler                          0x1ffff183   Thumb Code     0  startup_mkl25z4.o(.text)
    DMA1_IRQHandler                          0x1ffff183   Thumb Code     0  startup_mkl25z4.o(.text)
    DMA2_IRQHandler                          0x1ffff183   Thumb Code     0  startup_mkl25z4.o(.text)
    DMA3_IRQHandler                          0x1ffff183   Thumb Code     0  startup_mkl25z4.o(.text)
    DefaultISR                               0x1ffff183   Thumb Code     0  startup_mkl25z4.o(.text)
    FTFA_IRQHandler                          0x1ffff183   Thumb Code     0  startup_mkl25z4.o(.text)
    I2C0_IRQHandler                          0x1ffff183   Thumb Code     0  startup_mkl25z4.o(.text)
    I2C1_IRQHandler                          0x1ffff183   Thumb Code     0  startup_mkl25z4.o(.text)
    LLWU_IRQHandler                          0x1ffff183   Thumb Code     0  startup_mkl25z4.o(.text)
    LPTMR0_IRQHandler                        0x1ffff183   Thumb Code     0  startup_mkl25z4.o(.text)
    LVD_LVW_IRQHandler                       0x1ffff183   Thumb Code     0  startup_mkl25z4.o(.text)
    MCG_IRQHandler                           0x1ffff183   Thumb Code     0  startup_mkl25z4.o(.text)
    PIT_IRQHandler                           0x1ffff183   Thumb Code     0  startup_mkl25z4.o(.text)
    PORTA_IRQHandler                         0x1ffff183   Thumb Code     0  startup_mkl25z4.o(.text)
    PORTD_IRQHandler                         0x1ffff183   Thumb Code     0  startup_mkl25z4.o(.text)
    RTC_IRQHandler                           0x1ffff183   Thumb Code     0  startup_mkl25z4.o(.text)
    RTC_Seconds_IRQHandler                   0x1ffff183   Thumb Code     0  startup_mkl25z4.o(.text)
    Reserved20_IRQHandler                    0x1ffff183   Thumb Code     0  startup_mkl25z4.o(.text)
    Reserved39_IRQHandler                    0x1ffff183   Thumb Code     0  startup_mkl25z4.o(.text)
    Reserved45_IRQHandler                    0x1ffff183   Thumb Code     0  startup_mkl25z4.o(.text)
    SPI0_IRQHandler                          0x1ffff183   Thumb Code     0  startup_mkl25z4.o(.text)
    SPI1_IRQHandler                          0x1ffff183   Thumb Code     0  startup_mkl25z4.o(.text)
    TPM0_IRQHandler                          0x1ffff183   Thumb Code     0  startup_mkl25z4.o(.text)
    TPM1_IRQHandler                          0x1ffff183   Thumb Code     0  startup_mkl25z4.o(.text)
    TPM2_IRQHandler                          0x1ffff183   Thumb Code     0  startup_mkl25z4.o(.text)
    TSI0_IRQHandler                          0x1ffff183   Thumb Code     0  startup_mkl25z4.o(.text)
    UART0_IRQHandler                         0x1ffff183   Thumb Code     0  startup_mkl25z4.o(.text)
    UART1_IRQHandler                         0x1ffff183   Thumb Code     0  startup_mkl25z4.o(.text)
    UART2_IRQHandler                         0x1ffff183   Thumb Code     0  startup_mkl25z4.o(.text)
    USB0_IRQHandler                          0x1ffff183   Thumb Code     0  startup_mkl25z4.o(.text)
    SystemInit                               0x1ffff195   Thumb Code   266  system_mkl25z4.o(.text)
    SystemCoreClockUpdate                    0x1ffff29f   Thumb Code   374  system_mkl25z4.o(.text)
    __aeabi_uidiv                            0x1ffff455   Thumb Code     0  aeabi_sdiv.o(.text)
    __aeabi_uidivmod                         0x1ffff455   Thumb Code    20  aeabi_sdiv.o(.text)
    __aeabi_idiv                             0x1ffff469   Thumb Code     0  aeabi_sdiv.o(.text)
    __aeabi_idivmod                          0x1ffff469   Thumb Code   326  aeabi_sdiv.o(.text)
    exit                                     0x1ffff5af   Thumb Code    16  exit.o(.text)
    _sys_exit                                0x1ffff5c1   Thumb Code     8  sys_exit.o(.text)
    __I$use$semihosting                      0x1ffff5cd   Thumb Code     0  use_no_semi.o(.text)
    __use_no_semihosting_swi                 0x1ffff5cd   Thumb Code     2  use_no_semi.o(.text)
    __semihosting_library_function           0x1ffff5cf   Thumb Code     0  indicate_semi.o(.text)
    asm_main                                 0x1ffff5d1   Thumb Code     0  asm_main.o(asm_area)
    __ARM_common_switch8                     0x1ffff781   Thumb Code    28  system_mkl25z4.o(i.__ARM_common_switch8)
    Region$$Table$$Base                      0x1ffff79c   Number         0  anon$$obj.o(Region$$Table)
    Region$$Table$$Limit                     0x1ffff7bc   Number         0  anon$$obj.o(Region$$Table)
    SystemCoreClock                          0x20000000   Data           4  system_mkl25z4.o(.data)
    __initial_sp                             0x20000108   Data           0  startup_mkl25z4.o(STACK)



==============================================================================

Memory Map of the image

  Image Entry point : 0x1ffff0c1

  Load Region LR_IROM1 (Base: 0x1ffff000, Size: 0x000007c0, Max: 0x00001000, ABSOLUTE)

    Execution Region ER_IROM1 (Exec base: 0x1ffff000, Load base: 0x1ffff000, Size: 0x000007bc, Max: 0x00001000, ABSOLUTE)

    Exec Addr    Load Addr    Size         Type   Attr      Idx    E Section Name        Object

    0x1ffff000   0x1ffff000   0x000000c0   Data   RO           18    RESET               startup_mkl25z4.o
    0x1ffff0c0   0x1ffff0c0   0x00000008   Code   RO           78  * !!!main             c_p.l(__main.o)
    0x1ffff0c8   0x1ffff0c8   0x0000003c   Code   RO          258    !!!scatter          c_p.l(__scatter.o)
    0x1ffff104   0x1ffff104   0x0000001a   Code   RO          260    !!handler_copy      c_p.l(__scatter_copy.o)
    0x1ffff11e   0x1ffff11e   0x00000002   PAD
    0x1ffff120   0x1ffff120   0x0000001c   Code   RO          262    !!handler_zi        c_p.l(__scatter_zi.o)
    0x1ffff13c   0x1ffff13c   0x00000002   Code   RO          121    .ARM.Collect$$libinit$$00000000  c_p.l(libinit.o)
    0x1ffff13e   0x1ffff13e   0x00000000   Code   RO          137    .ARM.Collect$$libinit$$00000002  c_p.l(libinit2.o)
    0x1ffff13e   0x1ffff13e   0x00000000   Code   RO          139    .ARM.Collect$$libinit$$00000004  c_p.l(libinit2.o)
    0x1ffff13e   0x1ffff13e   0x00000000   Code   RO          142    .ARM.Collect$$libinit$$0000000A  c_p.l(libinit2.o)
    0x1ffff13e   0x1ffff13e   0x00000000   Code   RO          144    .ARM.Collect$$libinit$$0000000C  c_p.l(libinit2.o)
    0x1ffff13e   0x1ffff13e   0x00000000   Code   RO          146    .ARM.Collect$$libinit$$0000000E  c_p.l(libinit2.o)
    0x1ffff13e   0x1ffff13e   0x00000000   Code   RO          149    .ARM.Collect$$libinit$$00000011  c_p.l(libinit2.o)
    0x1ffff13e   0x1ffff13e   0x00000000   Code   RO          151    .ARM.Collect$$libinit$$00000013  c_p.l(libinit2.o)
    0x1ffff13e   0x1ffff13e   0x00000000   Code   RO          153    .ARM.Collect$$libinit$$00000015  c_p.l(libinit2.o)
    0x1ffff13e   0x1ffff13e   0x00000000   Code   RO          155    .ARM.Collect$$libinit$$00000017  c_p.l(libinit2.o)
    0x1ffff13e   0x1ffff13e   0x00000000   Code   RO          157    .ARM.Collect$$libinit$$00000019  c_p.l(libinit2.o)
    0x1ffff13e   0x1ffff13e   0x00000000   Code   RO          159    .ARM.Collect$$libinit$$0000001B  c_p.l(libinit2.o)
    0x1ffff13e   0x1ffff13e   0x00000000   Code   RO          161    .ARM.Collect$$libinit$$0000001D  c_p.l(libinit2.o)
    0x1ffff13e   0x1ffff13e   0x00000000   Code   RO          163    .ARM.Collect$$libinit$$0000001F  c_p.l(libinit2.o)
    0x1ffff13e   0x1ffff13e   0x00000000   Code   RO          165    .ARM.Collect$$libinit$$00000021  c_p.l(libinit2.o)
    0x1ffff13e   0x1ffff13e   0x00000000   Code   RO          167    .ARM.Collect$$libinit$$00000023  c_p.l(libinit2.o)
    0x1ffff13e   0x1ffff13e   0x00000000   Code   RO          169    .ARM.Collect$$libinit$$00000025  c_p.l(libinit2.o)
    0x1ffff13e   0x1ffff13e   0x00000000   Code   RO          173    .ARM.Collect$$libinit$$0000002C  c_p.l(libinit2.o)
    0x1ffff13e   0x1ffff13e   0x00000000   Code   RO          175    .ARM.Collect$$libinit$$0000002E  c_p.l(libinit2.o)
    0x1ffff13e   0x1ffff13e   0x00000000   Code   RO          177    .ARM.Collect$$libinit$$00000030  c_p.l(libinit2.o)
    0x1ffff13e   0x1ffff13e   0x00000000   Code   RO          179    .ARM.Collect$$libinit$$00000032  c_p.l(libinit2.o)
    0x1ffff13e   0x1ffff13e   0x00000002   Code   RO          180    .ARM.Collect$$libinit$$00000033  c_p.l(libinit2.o)
    0x1ffff140   0x1ffff140   0x00000002   Code   RO          215    .ARM.Collect$$libshutdown$$00000000  c_p.l(libshutdown.o)
    0x1ffff142   0x1ffff142   0x00000000   Code   RO          241    .ARM.Collect$$libshutdown$$00000002  c_p.l(libshutdown2.o)
    0x1ffff142   0x1ffff142   0x00000000   Code   RO          243    .ARM.Collect$$libshutdown$$00000004  c_p.l(libshutdown2.o)
    0x1ffff142   0x1ffff142   0x00000000   Code   RO          246    .ARM.Collect$$libshutdown$$00000007  c_p.l(libshutdown2.o)
    0x1ffff142   0x1ffff142   0x00000000   Code   RO          249    .ARM.Collect$$libshutdown$$0000000A  c_p.l(libshutdown2.o)
    0x1ffff142   0x1ffff142   0x00000000   Code   RO          251    .ARM.Collect$$libshutdown$$0000000C  c_p.l(libshutdown2.o)
    0x1ffff142   0x1ffff142   0x00000000   Code   RO          254    .ARM.Collect$$libshutdown$$0000000F  c_p.l(libshutdown2.o)
    0x1ffff142   0x1ffff142   0x00000002   Code   RO          255    .ARM.Collect$$libshutdown$$00000010  c_p.l(libshutdown2.o)
    0x1ffff144   0x1ffff144   0x00000000   Code   RO           80    .ARM.Collect$$rtentry$$00000000  c_p.l(__rtentry.o)
    0x1ffff144   0x1ffff144   0x00000000   Code   RO           86    .ARM.Collect$$rtentry$$00000002  c_p.l(__rtentry2.o)
    0x1ffff144   0x1ffff144   0x00000004   Code   RO          100    .ARM.Collect$$rtentry$$00000005  c_p.l(__rtentry5.o)
    0x1ffff148   0x1ffff148   0x00000000   Code   RO           88    .ARM.Collect$$rtentry$$00000009  c_p.l(__rtentry2.o)
    0x1ffff148   0x1ffff148   0x00000004   Code   RO           89    .ARM.Collect$$rtentry$$0000000A  c_p.l(__rtentry2.o)
    0x1ffff14c   0x1ffff14c   0x00000000   Code   RO           91    .ARM.Collect$$rtentry$$0000000C  c_p.l(__rtentry2.o)
    0x1ffff14c   0x1ffff14c   0x00000008   Code   RO           92    .ARM.Collect$$rtentry$$0000000D  c_p.l(__rtentry2.o)
    0x1ffff154   0x1ffff154   0x00000004   Code   RO          101    .ARM.Collect$$rtentry$$00002716  c_p.l(__rtentry5.o)
    0x1ffff158   0x1ffff158   0x00000002   Code   RO          128    .ARM.Collect$$rtexit$$00000000  c_p.l(rtexit.o)
    0x1ffff15a   0x1ffff15a   0x00000000   Code   RO          191    .ARM.Collect$$rtexit$$00000002  c_p.l(rtexit2.o)
    0x1ffff15a   0x1ffff15a   0x00000004   Code   RO          192    .ARM.Collect$$rtexit$$00000003  c_p.l(rtexit2.o)
    0x1ffff15e   0x1ffff15e   0x00000006   Code   RO          193    .ARM.Collect$$rtexit$$00000004  c_p.l(rtexit2.o)
    0x1ffff164   0x1ffff164   0x00000008   Code   RO            1    .text               main.o
    0x1ffff16c   0x1ffff16c   0x00000028   Code   RO           20    .text               startup_mkl25z4.o
    0x1ffff194   0x1ffff194   0x000002c0   Code   RO           28    .text               system_mkl25z4.o
    0x1ffff454   0x1ffff454   0x0000015a   Code   RO           74    .text               c_p.l(aeabi_sdiv.o)
    0x1ffff5ae   0x1ffff5ae   0x00000010   Code   RO          110    .text               c_p.l(exit.o)
    0x1ffff5be   0x1ffff5be   0x00000002   PAD
    0x1ffff5c0   0x1ffff5c0   0x0000000c   Code   RO          185    .text               c_p.l(sys_exit.o)
    0x1ffff5cc   0x1ffff5cc   0x00000002   Code   RO          187    .text               c_p.l(use_no_semi.o)
    0x1ffff5ce   0x1ffff5ce   0x00000000   Code   RO          189    .text               c_p.l(indicate_semi.o)
    0x1ffff5ce   0x1ffff5ce   0x00000002   PAD
    0x1ffff5d0   0x1ffff5d0   0x000001b0   Code   RO           12    asm_area            asm_main.o
    0x1ffff780   0x1ffff780   0x0000001c   Code   RO           46    i.__ARM_common_switch8  system_mkl25z4.o
    0x1ffff79c   0x1ffff79c   0x00000020   Data   RO          256    Region$$Table       anon$$obj.o


    Execution Region RW_IRAM1 (Exec base: 0x20000000, Load base: 0x1ffff7bc, Size: 0x00000108, Max: 0x00003000, ABSOLUTE)

    Exec Addr    Load Addr    Size         Type   Attr      Idx    E Section Name        Object

    0x20000000   0x1ffff7bc   0x00000004   Data   RW           29    .data               system_mkl25z4.o
    0x20000004   0x1ffff7c0   0x00000004   PAD
    0x20000008        -       0x00000100   Zero   RW           16    STACK               startup_mkl25z4.o



  Load Region LR$$.ARM.__at_0x400 (Base: 0x00000400, Size: 0x00000010, Max: 0x00000010, ABSOLUTE)

    Execution Region ER$$.ARM.__at_0x400 (Exec base: 0x00000400, Load base: 0x00000400, Size: 0x00000010, Max: 0x00000010, ABSOLUTE, UNINIT)

    Exec Addr    Load Addr    Size         Type   Attr      Idx    E Section Name        Object

    0x00000400   0x00000400   0x00000010   Code   RO           19    .ARM.__at_0x400     startup_mkl25z4.o


==============================================================================

Image component sizes


      Code (inc. data)   RO Data    RW Data    ZI Data      Debug   Object Name

       432        120          0          0          0        396   asm_main.o
         8          0          0          0          0       1847   main.o
        56         30        192          0        256        864   startup_mkl25z4.o
       732         74          0          4          0       4481   system_mkl25z4.o

    ----------------------------------------------------------------------
      1228        224        224          4        260       7588   Object Totals
         0          0         32          0          0          0   (incl. Generated)
         0          0          0          0          4          0   (incl. Padding)

    ----------------------------------------------------------------------

      Code (inc. data)   RO Data    RW Data    ZI Data      Debug   Library Member Name

         8          0          0          0          0         68   __main.o
         0          0          0          0          0          0   __rtentry.o
        12          0          0          0          0          0   __rtentry2.o
         8          4          0          0          0          0   __rtentry5.o
        60          8          0          0          0          0   __scatter.o
        26          0          0          0          0          0   __scatter_copy.o
        28          0          0          0          0          0   __scatter_zi.o
       346          0          0          0          0         92   aeabi_sdiv.o
        16          0          0          0          0         68   exit.o
         0          0          0          0          0          0   indicate_semi.o
         2          0          0          0          0          0   libinit.o
         2          0          0          0          0          0   libinit2.o
         2          0          0          0          0          0   libshutdown.o
         2          0          0          0          0          0   libshutdown2.o
         2          0          0          0          0          0   rtexit.o
        10          0          0          0          0          0   rtexit2.o
        12          4          0          0          0         60   sys_exit.o
         2          0          0          0          0         68   use_no_semi.o

    ----------------------------------------------------------------------
       544         16          0          0          0        356   Library Totals
         6          0          0          0          0          0   (incl. Padding)

    ----------------------------------------------------------------------

      Code (inc. data)   RO Data    RW Data    ZI Data      Debug   Library Name

       538         16          0          0          0        356   c_p.l

    ----------------------------------------------------------------------
       544         16          0          0          0        356   Library Totals

    ----------------------------------------------------------------------

==============================================================================


      Code (inc. data)   RO Data    RW Data    ZI Data      Debug   

      1772        240        224          4        260       7816   Grand Totals
      1772        240        224          4        260       7816   ELF Image Totals
      1772        240        224          4          0          0   ROM Totals

==============================================================================

    Total RO  Size (Code + RO Data)                 1996 (   1.95kB)
    Total RW  Size (RW Data + ZI Data)               264 (   0.26kB)
    Total ROM Size (Code + RO Data + RW Data)       2000 (   1.95kB)

==============================================================================

